[demos.creative-tim.com/material-dashboard-pro/index.html]
[demos.creative-tim.com/material-dashboard-pro/assets/img/apple-icon.png]
[demos.creative-tim.com/material-dashboard-pro/assets/img/favicon.png]
[backblue.gif]
[fade.gif]
[index.html]
[demos.creative-tim.com/material-dashboard-pro/pages/dashboards/default.html]
[demos.creative-tim.com/material-dashboard-pro/assets/css/nucleo-icons.css]
[demos.creative-tim.com/material-dashboard-pro/assets/css/nucleo-svg.css]
[kit.fontawesome.com/42d5adcbca.js]
[demos.creative-tim.com/material-dashboard-pro/assets/css/material-dashboard.min1bb8.css]
[www.google-analytics.com/analytics.js]
[demos.creative-tim.com/material-dashboard-pro/pages/dashboards/analytics.html]
[demos.creative-tim.com/material-dashboard-pro/assets/img/logo-ct.png]
[demos.creative-tim.com/material-dashboard-pro/assets/img/team-3.jpg]
[demos.creative-tim.com/material-dashboard-pro/pages/pages/profile/overview.html]
[demos.creative-tim.com/material-dashboard-pro/pages/pages/account/settings.html]
[demos.creative-tim.com/material-dashboard-pro/pages/authentication/signin/basic.html]
[demos.creative-tim.com/material-dashboard-pro/pages/dashboards/discover.html]
[demos.creative-tim.com/material-dashboard-pro/pages/dashboards/sales.html]
[demos.creative-tim.com/material-dashboard-pro/pages/dashboards/automotive.html]
[demos.creative-tim.com/material-dashboard-pro/pages/dashboards/smart-home.html]
[demos.creative-tim.com/material-dashboard-pro/pages/pages/profile/projects.html]
[demos.creative-tim.com/material-dashboard-pro/pages/pages/profile/messages.html]
[demos.creative-tim.com/material-dashboard-pro/pages/pages/users/reports.html]
[demos.creative-tim.com/material-dashboard-pro/pages/pages/users/new-user.html]
[demos.creative-tim.com/material-dashboard-pro/pages/pages/account/billing.html]
[demos.creative-tim.com/material-dashboard-pro/pages/pages/account/invoice.html]
[demos.creative-tim.com/material-dashboard-pro/pages/pages/account/security.html]
[demos.creative-tim.com/material-dashboard-pro/pages/pages/projects/general.html]
[demos.creative-tim.com/material-dashboard-pro/pages/pages/projects/timeline.html]
[demos.creative-tim.com/material-dashboard-pro/pages/pages/projects/new-project.html]
[demos.creative-tim.com/material-dashboard-pro/pages/pages/vr/vr-default.html]
[demos.creative-tim.com/material-dashboard-pro/pages/pages/vr/vr-info.html]
[demos.creative-tim.com/material-dashboard-pro/pages/pages/pricing-page.html]
[demos.creative-tim.com/material-dashboard-pro/pages/pages/rtl-page.html]
[demos.creative-tim.com/material-dashboard-pro/pages/pages/widgets.html]
[demos.creative-tim.com/material-dashboard-pro/pages/pages/charts.html]
[demos.creative-tim.com/material-dashboard-pro/pages/pages/sweet-alerts.html]
[demos.creative-tim.com/material-dashboard-pro/pages/pages/notifications.html]
[demos.creative-tim.com/material-dashboard-pro/pages/applications/crm.html]
[demos.creative-tim.com/material-dashboard-pro/pages/applications/kanban.html]
[demos.creative-tim.com/material-dashboard-pro/pages/applications/wizard.html]
[demos.creative-tim.com/material-dashboard-pro/pages/applications/datatables.html]
[demos.creative-tim.com/material-dashboard-pro/pages/applications/calendar.html]
[demos.creative-tim.com/material-dashboard-pro/pages/applications/stats.html]
[demos.creative-tim.com/material-dashboard-pro/pages/ecommerce/products/new-product.html]
[demos.creative-tim.com/material-dashboard-pro/pages/ecommerce/products/edit-product.html]
[demos.creative-tim.com/material-dashboard-pro/pages/ecommerce/products/product-page.html]
[demos.creative-tim.com/material-dashboard-pro/pages/ecommerce/products/products-list.html]
[demos.creative-tim.com/material-dashboard-pro/pages/ecommerce/orders/list.html]
[demos.creative-tim.com/material-dashboard-pro/pages/ecommerce/orders/details.html]
[demos.creative-tim.com/material-dashboard-pro/pages/ecommerce/referral.html]
[demos.creative-tim.com/material-dashboard-pro/pages/authentication/signin/cover.html]
[demos.creative-tim.com/material-dashboard-pro/pages/authentication/signin/illustration.html]
[demos.creative-tim.com/material-dashboard-pro/pages/authentication/signup/basic.html]
[demos.creative-tim.com/material-dashboard-pro/pages/authentication/signup/cover.html]
[demos.creative-tim.com/material-dashboard-pro/pages/authentication/signup/illustration.html]
[demos.creative-tim.com/material-dashboard-pro/pages/authentication/reset/basic.html]
[demos.creative-tim.com/material-dashboard-pro/pages/authentication/reset/cover.html]
[demos.creative-tim.com/material-dashboard-pro/pages/authentication/reset/illustration.html]
[demos.creative-tim.com/material-dashboard-pro/pages/authentication/lock/basic.html]
[demos.creative-tim.com/material-dashboard-pro/pages/authentication/lock/cover.html]
[demos.creative-tim.com/material-dashboard-pro/pages/authentication/lock/illustration.html]
[demos.creative-tim.com/material-dashboard-pro/pages/authentication/verification/basic.html]
[demos.creative-tim.com/material-dashboard-pro/pages/authentication/verification/cover.html]
[demos.creative-tim.com/material-dashboard-pro/pages/authentication/verification/illustration.html]
[demos.creative-tim.com/material-dashboard-pro/pages/authentication/error/404.html]
[demos.creative-tim.com/material-dashboard-pro/pages/authentication/error/500.html]
[demos.creative-tim.com/material-dashboard-pro/assets/img/icons/flags/US.png]
[demos.creative-tim.com/material-dashboard-pro/assets/img/icons/flags/DE.png]
[demos.creative-tim.com/material-dashboard-pro/assets/img/icons/flags/GB.png]
[demos.creative-tim.com/material-dashboard-pro/assets/img/icons/flags/BR.png]
[demos.creative-tim.com/material-dashboard-pro/assets/img/products/product-1-min.jpg]
[demos.creative-tim.com/material-dashboard-pro/assets/img/products/product-1-min.jpg_]
[demos.creative-tim.com/material-dashboard-pro/assets/img/products/product-2-min.jpg]
[demos.creative-tim.com/material-dashboard-pro/assets/img/products/product-2-min.jpg_]
[demos.creative-tim.com/material-dashboard-pro/assets/img/products/product-3-min.jpg]
[demos.creative-tim.com/material-dashboard-pro/assets/img/products/product-3-min.jpg_]
[demos.creative-tim.com/material-dashboard-pro/assets/js/core/popper.min.js]
[demos.creative-tim.com/material-dashboard-pro/assets/js/core/bootstrap.min.js]
[demos.creative-tim.com/material-dashboard-pro/assets/js/plugins/perfect-scrollbar.min.js]
[demos.creative-tim.com/material-dashboard-pro/assets/js/plugins/smooth-scrollbar.min.js]
[demos.creative-tim.com/material-dashboard-pro/assets/js/plugins/dragula/dragula.min.js]
[demos.creative-tim.com/material-dashboard-pro/assets/js/plugins/jkanban/jkanban.js]
[demos.creative-tim.com/material-dashboard-pro/assets/js/plugins/chartjs.min.js]
[demos.creative-tim.com/material-dashboard-pro/assets/js/plugins/world.js]
[buttons.github.io/buttons.js]
[demos.creative-tim.com/material-dashboard-pro/assets/js/material-dashboard.min1bb8.js]
[demos.creative-tim.com/material-dashboard-pro/index.html]
[s3.amazonaws.com/creativetim_bucket/products/51/original/opt_mdp_bs5_thumbnail.jpg]
[demos.creative-tim.com/material-dashboard-pro/pages/dashboards/default.html]
[demos.creative-tim.com/material-dashboard-pro/assets/fonts/nucleo-icons.eot]
[demos.creative-tim.com/material-dashboard-pro/assets/fonts/nucleo-icons.woff2]
[demos.creative-tim.com/material-dashboard-pro/assets/fonts/nucleo-icons.woff]
[demos.creative-tim.com/material-dashboard-pro/assets/fonts/nucleo-icons.ttf]
[demos.creative-tim.com/material-dashboard-pro/assets/css/nucleo-icons.css]
[demos.creative-tim.com/material-dashboard-pro/assets/css/nucleo-svg.css]
[demos.creative-tim.com/material-dashboard-pro/assets/fonts/nucleo-icons.svg]
[demos.creative-tim.com/material-dashboard-pro/assets/css/images/layers.png]
[demos.creative-tim.com/material-dashboard-pro/assets/css/images/layers-2x.png]
[demos.creative-tim.com/material-dashboard-pro/assets/css/images/marker-icon.png]
[demos.creative-tim.com/material-dashboard-pro/assets/css/material-dashboard.min1bb8.css]
[www.googletagmanager.com/gtm5445.html]
[demos.creative-tim.com/material-dashboard-pro/pages/dashboards/assets/img/products/product-1-min.jpg_]
[demos.creative-tim.com/material-dashboard-pro/pages/dashboards/assets/img/products/product-2-min.jpg_]
[demos.creative-tim.com/material-dashboard-pro/pages/dashboards/assets/img/products/product-3-min.jpg_]
[demos.creative-tim.com/material-dashboard-pro/pages/dashboards/analytics.html]
[demos.creative-tim.com/material-dashboard-pro/assets/img/bruce-mars.jpg]
[demos.creative-tim.com/material-dashboard-pro/assets/img/kal-visuals-square.jpg]
[demos.creative-tim.com/material-dashboard-pro/assets/img/marie.jpg]
[demos.creative-tim.com/material-dashboard-pro/assets/img/ivana-square.jpg]
[demos.creative-tim.com/material-dashboard-pro/assets/img/team-4.jpg]
[demos.creative-tim.com/material-dashboard-pro/assets/img/home-decor-1.jpg]
[demos.creative-tim.com/material-dashboard-pro/assets/img/team-1.jpg]
[demos.creative-tim.com/material-dashboard-pro/assets/img/team-2.jpg]
[demos.creative-tim.com/material-dashboard-pro/assets/img/home-decor-2.jpg]
[demos.creative-tim.com/material-dashboard-pro/assets/img/home-decor-3.jpg]
[demos.creative-tim.com/material-dashboard-pro/pages/pages/profile/overview.html]
[demos.creative-tim.com/cdn-cgi/scripts/5c5dd728/cloudflare-static/email-decode.min.js]
[demos.creative-tim.com/material-dashboard-pro/assets/img/small-logos/logo-slack.svg]
[demos.creative-tim.com/material-dashboard-pro/pages/pages/account/javascript]
[demos.creative-tim.com/material-dashboard-pro/assets/img/small-logos/logo-spotify.svg]
[demos.creative-tim.com/material-dashboard-pro/assets/img/small-logos/logo-atlassian.svg]
[demos.creative-tim.com/material-dashboard-pro/assets/img/small-logos/logo-asana.svg]
[demos.creative-tim.com/material-dashboard-pro/pages/pages/account/settings.html]
[demos.creative-tim.com/material-dashboard-pro/assets/js/plugins/choices.min.js]
[demos.creative-tim.com/material-dashboard-pro/assets/img/down-arrow-white.svg]
[demos.creative-tim.com/material-dashboard-pro/assets/img/down-arrow-dark.svg]
[demos.creative-tim.com/material-dashboard-pro/assets/img/down-arrow.svg]
[demos.creative-tim.com/material-dashboard-pro/pages/ecommerce/overview.html]
[demos.creative-tim.com/material-dashboard-pro/pages/pages/orders/details.html]
[demos.creative-tim.com/material-dashboard-pro/pages/about-us.html]
[demos.creative-tim.com/material-dashboard-pro/pages/authentication/signin/basic.html]
[demos.creative-tim.com/material-dashboard-pro/assets/img/team-5.jpg]
[demos.creative-tim.com/material-dashboard-pro/assets/img/ivana-squares.jpg]
[raw.githubusercontent.com/creativetimofficial/public-assets/master/soft-ui-design-system/assets/img/team-9.jpg]
[demos.creative-tim.com/material-dashboard-pro/pages/dashboards/discover.html]
[demos.creative-tim.com/material-dashboard-pro/assets/img/small-logos/logo-invision.svg]
[demos.creative-tim.com/material-dashboard-pro/assets/img/icons/flags/AU.png]
[raw.githubusercontent.com/creativetimofficial/public-assets/master/soft-ui-design-system/assets/img/ecommerce/blue-shoe.jpg]
[raw.githubusercontent.com/creativetimofficial/public-assets/master/soft-ui-design-system/assets/img/ecommerce/black-mug.jpg]
[raw.githubusercontent.com/creativetimofficial/public-assets/master/soft-ui-design-system/assets/img/ecommerce/black-chair.jpg]
[raw.githubusercontent.com/creativetimofficial/public-assets/master/soft-ui-design-system/assets/img/ecommerce/bang-sound.jpg]
[raw.githubusercontent.com/creativetimofficial/public-assets/master/soft-ui-design-system/assets/img/ecommerce/photo-tools.jpg]
[demos.creative-tim.com/material-dashboard-pro/pages/dashboards/sales.html]
[demos.creative-tim.com/material-dashboard-pro/assets/img/shapes/waves-white.svg]
[demos.creative-tim.com/material-dashboard-pro/assets/img/tesla-model-s.png]
[demos.creative-tim.com/material-dashboard-pro/assets/img/small-logos/icon-sun-cloud.png]
[demos.creative-tim.com/material-dashboard-pro/assets/img/drake.jpg]
[demos.creative-tim.com/material-dashboard-pro/assets/js/plugins/leaflet.js]
[demos.creative-tim.com/material-dashboard-pro/assets/js/plugins/nouislider.min.js]
[demos.creative-tim.com/material-dashboard-pro/pages/dashboards/automotive.html]
[demos.creative-tim.com/material-dashboard-pro/assets/img/bg-smart-home-1.jpg]
[demos.creative-tim.com/material-dashboard-pro/assets/img/nastuh.jpg]
[demos.creative-tim.com/material-dashboard-pro/assets/img/office-dark.jpg]
[demos.creative-tim.com/material-dashboard-pro/assets/js/plugins/countup.min.js]
[demos.creative-tim.com/material-dashboard-pro/assets/js/plugins/round-slider.min.js]
[demos.creative-tim.com/material-dashboard-pro/pages/dashboards/smart-home.html]
[demos.creative-tim.com/material-dashboard-pro/assets/img/small-logos/logo-xd.svg]
[demos.creative-tim.com/material-dashboard-pro/pages/pages/profile/projects.html]
[demos.creative-tim.com/material-dashboard-pro/pages/pages/profile/messages.html]
[demos.creative-tim.com/material-dashboard-pro/pages/pages/users/reports.html]
[demos.creative-tim.com/material-dashboard-pro/pages/pages/users/new-user.html]
[demos.creative-tim.com/material-dashboard-pro/assets/js/plugins/multistep-form.js]
[demos.creative-tim.com/material-dashboard-pro/assets/img/illustrations/pattern-tree.svg]
[demos.creative-tim.com/material-dashboard-pro/assets/img/logos/mastercard.png]
[demos.creative-tim.com/material-dashboard-pro/assets/img/logos/visa.png]
[demos.creative-tim.com/material-dashboard-pro/pages/pages/account/billing.html]
[demos.creative-tim.com/material-dashboard-pro/assets/img/logo-ct-dark.png]
[demos.creative-tim.com/material-dashboard-pro/pages/pages/account/invoice.html]
[demos.creative-tim.com/material-dashboard-pro/pages/pages/account/security.html]
[demos.creative-tim.com/material-dashboard-pro/assets/js/plugins/tilt.min.js]
[demos.creative-tim.com/material-dashboard-pro/pages/pages/projects/general.html]
[demos.creative-tim.com/material-dashboard-pro/pages/pages/projects/timeline.html]
[demos.creative-tim.com/material-dashboard-pro/assets/js/plugins/quill.min.js]
[demos.creative-tim.com/material-dashboard-pro/assets/js/plugins/flatpickr.min.js]
[demos.creative-tim.com/material-dashboard-pro/assets/js/plugins/dropzone.min.js]
[demos.creative-tim.com/material-dashboard-pro/pages/pages/projects/new-project.html]
[demos.creative-tim.com/material-dashboard-pro/assets/img/vr-bg.jpg]
[demos.creative-tim.com/material-dashboard-pro/pages/pages/vr/vr-default.html]
[demos.creative-tim.com/material-dashboard-pro/pages/pages/vr/vr-info.html]
[demos.creative-tim.com/material-dashboard-pro/assets/img/bg-pricing.jpg]
[demos.creative-tim.com/material-dashboard-pro/assets/img/logos/gray-logos/logo-coinbase.svg]
[demos.creative-tim.com/material-dashboard-pro/assets/img/logos/gray-logos/logo-nasa.svg]
[demos.creative-tim.com/material-dashboard-pro/assets/img/logos/gray-logos/logo-netflix.svg]
[demos.creative-tim.com/material-dashboard-pro/assets/img/logos/gray-logos/logo-pinterest.svg]
[demos.creative-tim.com/material-dashboard-pro/assets/img/logos/gray-logos/logo-spotify.svg]
[demos.creative-tim.com/material-dashboard-pro/assets/img/logos/gray-logos/logo-vodafone.svg]
[demos.creative-tim.com/material-dashboard-pro/assets/js/plugins/parallax.min.js]
[demos.creative-tim.com/material-dashboard-pro/pages/pages/pricing-page.html]
[demos.creative-tim.com/material-dashboard-pro/assets/img/small-logos/icon-bulb.svg]
[demos.creative-tim.com/material-dashboard-pro/pages/pages/rtl-page.html]
[demos.creative-tim.com/material-dashboard-pro/pages/pages/widgets.html]
[demos.creative-tim.com/material-dashboard-pro/assets/img/small-logos/devto.svg]
[demos.creative-tim.com/material-dashboard-pro/assets/js/plugins/fullcalendar.min.js]
[demos.creative-tim.com/material-dashboard-pro/assets/img/small-logos/creative-tim.svg]
[demos.creative-tim.com/material-dashboard-pro/assets/img/small-logos/bootstrap.svg]
[demos.creative-tim.com/material-dashboard-pro/assets/img/small-logos/github.svg]
[demos.creative-tim.com/material-dashboard-pro/assets/img/small-logos/google-webdev.svg]
[demos.creative-tim.com/material-dashboard-pro/pages/pages/charts.html]
[demos.creative-tim.com/material-dashboard-pro/assets/js/plugins/sweetalert.min.js]
[demos.creative-tim.com/material-dashboard-pro/pages/pages/sweet-alerts.html]
[demos.creative-tim.com/material-dashboard-pro/pages/pages/notifications.html]
[demos.creative-tim.com/material-dashboard-pro/assets/img/ivancik.jpg]
[demos.creative-tim.com/material-dashboard-pro/pages/applications/crm.html]
[demos.creative-tim.com/material-dashboard-pro/pages/applications/kanban.html]
[demos.creative-tim.com/material-dashboard-pro/pages/applications/wizard.html]
[demos.creative-tim.com/material-dashboard-pro/pages/applications/datatables.html]
[demos.creative-tim.com/material-dashboard-pro/pages/applications/calendar.html]
[demos.creative-tim.com/material-dashboard-pro/assets/js/plugins/datatables.js]
[demos.creative-tim.com/material-dashboard-pro/assets/img/small-logos/logo-jira.svg]
[demos.creative-tim.com/material-dashboard-pro/pages/applications/stats.html]
[demos.creative-tim.com/material-dashboard-pro/pages/ecommerce/products/new-product.html]
[demos.creative-tim.com/material-dashboard-pro/assets/img/products/product-11.jpg]
[demos.creative-tim.com/material-dashboard-pro/pages/ecommerce/assets/img/products/product-11.jpg_]
[demos.creative-tim.com/material-dashboard-pro/pages/ecommerce/products/edit-product.html]
[demos.creative-tim.com/material-dashboard-pro/assets/img/products/product-details-1.jpg]
[demos.creative-tim.com/material-dashboard-pro/assets/img/products/product-details-2.jpg]
[demos.creative-tim.com/material-dashboard-pro/assets/img/products/product-details-3.jpg]
[demos.creative-tim.com/material-dashboard-pro/assets/img/products/product-details-4.jpg]
[demos.creative-tim.com/material-dashboard-pro/assets/img/products/product-details-5.jpg]
[raw.githubusercontent.com/creativetimofficial/public-assets/master/soft-ui-design-system/assets/img/ecommerce/chair-pink.jpg]
[raw.githubusercontent.com/creativetimofficial/public-assets/master/soft-ui-design-system/assets/img/ecommerce/chair-steel.jpg]
[raw.githubusercontent.com/creativetimofficial/public-assets/master/soft-ui-design-system/assets/img/ecommerce/chair-wood.jpg]
[demos.creative-tim.com/material-dashboard-pro/assets/js/plugins/photoswipe.min.js]
[demos.creative-tim.com/material-dashboard-pro/assets/js/plugins/photoswipe-ui-default.min.js]
[demos.creative-tim.com/material-dashboard-pro/pages/ecommerce/products/product-page.html]
[raw.githubusercontent.com/creativetimofficial/public-assets/master/soft-ui-design-system/assets/img/ecommerce/adidas-hoodie.jpg]
[raw.githubusercontent.com/creativetimofficial/public-assets/master/soft-ui-design-system/assets/img/ecommerce/macbook-pro.jpg]
[raw.githubusercontent.com/creativetimofficial/public-assets/master/soft-ui-design-system/assets/img/ecommerce/metro-chair.jpg]
[raw.githubusercontent.com/creativetimofficial/public-assets/master/soft-ui-design-system/assets/img/ecommerce/alchimia-chair.jpg]
[raw.githubusercontent.com/creativetimofficial/public-assets/master/soft-ui-design-system/assets/img/ecommerce/fendi-coat.jpg]
[raw.githubusercontent.com/creativetimofficial/public-assets/master/soft-ui-design-system/assets/img/ecommerce/off-white-jacket.jpg]
[raw.githubusercontent.com/creativetimofficial/public-assets/master/soft-ui-design-system/assets/img/ecommerce/yohji-yamamoto.jpg]
[raw.githubusercontent.com/creativetimofficial/public-assets/master/soft-ui-design-system/assets/img/ecommerce/mcqueen-shirt.jpg]
[raw.githubusercontent.com/creativetimofficial/public-assets/master/soft-ui-design-system/assets/img/ecommerce/yellow-chair.jpg]
[raw.githubusercontent.com/creativetimofficial/public-assets/master/soft-ui-design-system/assets/img/ecommerce/heron-tshirt.jpg]
[raw.githubusercontent.com/creativetimofficial/public-assets/master/soft-ui-design-system/assets/img/ecommerce/living-chair.jpg]
[raw.githubusercontent.com/creativetimofficial/public-assets/master/soft-ui-design-system/assets/img/ecommerce/orange-sofa.jpg]
[raw.githubusercontent.com/creativetimofficial/public-assets/master/soft-ui-design-system/assets/img/ecommerce/burberry.jpg]
[raw.githubusercontent.com/creativetimofficial/public-assets/master/soft-ui-design-system/assets/img/ecommerce/d&g-skirt.jpg]
[raw.githubusercontent.com/creativetimofficial/public-assets/master/soft-ui-design-system/assets/img/ecommerce/undercover.jpg]
[demos.creative-tim.com/material-dashboard-pro/pages/ecommerce/products/products-list.html]
[demos.creative-tim.com/material-dashboard-pro/pages/ecommerce/orders/list.html]
[demos.creative-tim.com/material-dashboard-pro/assets/img/product-12.jpg]
[demos.creative-tim.com/material-dashboard-pro/pages/ecommerce/orders/details.html]
[raw.githubusercontent.com/creativetimofficial/public-assets/master/soft-ui-design-system/assets/img/window-desk.jpg]
[demos.creative-tim.com/material-dashboard-pro/pages/ecommerce/referral.html]
[demos.creative-tim.com/material-dashboard-pro/pages/authentication/signin/cover.html]
[demos.creative-tim.com/material-dashboard-pro/assets/img/illustrations/illustration-signin.jpg]
[demos.creative-tim.com/material-dashboard-pro/pages/authentication/signin/illustration.html]
[demos.creative-tim.com/material-dashboard-pro/pages/authentication/signup/basic.html]
[demos.creative-tim.com/material-dashboard-pro/pages/privacy.html]
[demos.creative-tim.com/material-dashboard-pro/pages/sign-in/sign-in-cover.html]
[demos.creative-tim.com/material-dashboard-pro/pages/authentication/signup/cover.html]
[demos.creative-tim.com/material-dashboard-pro/assets/img/illustrations/illustration-signup.jpg]
[demos.creative-tim.com/material-dashboard-pro/pages/authentication/signup/illustration.html]
[demos.creative-tim.com/material-dashboard-pro/pages/authentication/reset/basic.html]
[demos.creative-tim.com/material-dashboard-pro/pages/authentication/reset/cover.html]
[demos.creative-tim.com/material-dashboard-pro/assets/img/illustrations/illustration-reset.jpg]
[demos.creative-tim.com/material-dashboard-pro/pages/authentication/reset/illustration.html]
[demos.creative-tim.com/material-dashboard-pro/pages/authentication/lock/basic.html]
[demos.creative-tim.com/material-dashboard-pro/pages/authentication/lock/cover.html]
[demos.creative-tim.com/material-dashboard-pro/assets/img/illustrations/illustration-lock.jpg]
[demos.creative-tim.com/material-dashboard-pro/pages/authentication/lock/illustration.html]
[demos.creative-tim.com/material-dashboard-pro/pages/authentication/verification/basic.html]
[demos.creative-tim.com/material-dashboard-pro/pages/authentication/verification/cover.html]
[demos.creative-tim.com/material-dashboard-pro/assets/img/illustrations/illustration-verification.jpg]
[demos.creative-tim.com/material-dashboard-pro/pages/authentication/verification/illustration.html]
[demos.creative-tim.com/material-dashboard-pro/pages/authentication/error/404.html]
[demos.creative-tim.com/material-dashboard-pro/pages/authentication/error/500.html]
[demos.creative-tim.com/material-dashboard-pro/assets/img/products/product-1-min.html]
[demos.creative-tim.com/material-dashboard-pro/assets/img/products/product-2-min.html]
[demos.creative-tim.com/material-dashboard-pro/assets/img/products/product-3-min.html]
[demos.creative-tim.com/material-dashboard-pro/assets/fonts/nucleo-icons.svg]
[demos.creative-tim.com/material-dashboard-pro/assets/css/images/layers.html]
[demos.creative-tim.com/material-dashboard-pro/assets/css/images/layers-2x.html]
[demos.creative-tim.com/material-dashboard-pro/assets/css/images/marker-icon.html]
[demos.creative-tim.com/material-dashboard-pro/pages/dashboards/assets/img/products/product-1-min.html]
[demos.creative-tim.com/material-dashboard-pro/pages/dashboards/assets/img/products/product-2-min.html]
[demos.creative-tim.com/material-dashboard-pro/pages/dashboards/assets/img/products/product-3-min.html]
[demos.creative-tim.com/material-dashboard-pro/assets/img/small-logos/logo-slack.svg]
[demos.creative-tim.com/material-dashboard-pro/pages/pages/account/javascript.html]
[demos.creative-tim.com/material-dashboard-pro/assets/img/small-logos/logo-spotify.svg]
[demos.creative-tim.com/material-dashboard-pro/assets/img/small-logos/logo-atlassian.svg]
[demos.creative-tim.com/material-dashboard-pro/assets/img/small-logos/logo-asana.svg]
[demos.creative-tim.com/material-dashboard-pro/assets/img/down-arrow-white.svg]
[demos.creative-tim.com/material-dashboard-pro/assets/img/down-arrow-dark.svg]
[demos.creative-tim.com/material-dashboard-pro/assets/img/down-arrow.svg]
[demos.creative-tim.com/material-dashboard-pro/pages/ecommerce/overview.html]
[demos.creative-tim.com/material-dashboard-pro/pages/pages/orders/details.html]
[demos.creative-tim.com/material-dashboard-pro/pages/about-us.html]
[demos.creative-tim.com/material-dashboard-pro/assets/img/small-logos/logo-invision.svg]
[demos.creative-tim.com/material-dashboard-pro/assets/img/shapes/waves-white.svg]
[demos.creative-tim.com/material-dashboard-pro/assets/img/nastuh.html]
[demos.creative-tim.com/material-dashboard-pro/assets/img/small-logos/logo-xd.svg]
[demos.creative-tim.com/material-dashboard-pro/assets/img/illustrations/pattern-tree.svg]
[demos.creative-tim.com/material-dashboard-pro/assets/img/logos/gray-logos/logo-coinbase.svg]
[demos.creative-tim.com/material-dashboard-pro/assets/img/logos/gray-logos/logo-nasa.svg]
[demos.creative-tim.com/material-dashboard-pro/assets/img/logos/gray-logos/logo-netflix.svg]
[demos.creative-tim.com/material-dashboard-pro/assets/img/logos/gray-logos/logo-pinterest.svg]
[demos.creative-tim.com/material-dashboard-pro/assets/img/logos/gray-logos/logo-spotify.svg]
[demos.creative-tim.com/material-dashboard-pro/assets/img/logos/gray-logos/logo-vodafone.svg]
[demos.creative-tim.com/material-dashboard-pro/assets/img/small-logos/icon-bulb.svg]
[demos.creative-tim.com/material-dashboard-pro/assets/img/small-logos/devto.svg]
[demos.creative-tim.com/material-dashboard-pro/assets/img/small-logos/creative-tim.svg]
[demos.creative-tim.com/material-dashboard-pro/assets/img/small-logos/bootstrap.svg]
[demos.creative-tim.com/material-dashboard-pro/assets/img/small-logos/github.svg]
[demos.creative-tim.com/material-dashboard-pro/assets/img/small-logos/google-webdev.svg]
[demos.creative-tim.com/material-dashboard-pro/assets/img/small-logos/logo-jira.svg]
[demos.creative-tim.com/material-dashboard-pro/pages/ecommerce/assets/img/products/product-11.html]
[demos.creative-tim.com/material-dashboard-pro/pages/privacy.html]
[demos.creative-tim.com/material-dashboard-pro/pages/sign-in/sign-in-cover.html]
[{s}.basemaps.cartocdn.com/rastertiles/voyager_labels_under/{z}/{x}/{y}.png]
